

================================================================
== Vivado HLS Report for 'datamover_controller'
================================================================
* Date:           Mon Oct  7 23:50:01 2019

* Version:        2019.1 (Build 2552052 on Fri May 24 15:28:33 MDT 2019)
* Project:        datamover_controller
* Solution:       solution1
* Product family: zynquplus
* Target device:  xczu19eg-ffvc1760-2-i


================================================================
== Performance Estimates
================================================================
+ Timing (ns): 
    * Summary: 
    +--------+-------+----------+------------+
    |  Clock | Target| Estimated| Uncertainty|
    +--------+-------+----------+------------+
    |ap_clk  |   4.00|     2.118|        0.50|
    +--------+-------+----------+------------+

+ Latency (clock cycles): 
    * Summary: 
    +-----+-----+-----+-----+---------+
    |  Latency  |  Interval | Pipeline|
    | min | max | min | max |   Type  |
    +-----+-----+-----+-----+---------+
    |    0|    0|    0|    0|   none  |
    +-----+-----+-----+-----+---------+

    + Detail: 
        * Instance: 
        N/A

        * Loop: 
        N/A



================================================================
== Utilization Estimates
================================================================
* Summary: 
+-----------------+---------+-------+---------+--------+-----+
|       Name      | BRAM_18K| DSP48E|    FF   |   LUT  | URAM|
+-----------------+---------+-------+---------+--------+-----+
|DSP              |        -|      -|        -|       -|    -|
|Expression       |        -|      -|        0|     203|    -|
|FIFO             |        -|      -|        -|       -|    -|
|Instance         |        -|      -|        -|       -|    -|
|Memory           |        -|      -|        -|       -|    -|
|Multiplexer      |        -|      -|        -|      27|    -|
|Register         |        -|      -|      220|       -|    -|
+-----------------+---------+-------+---------+--------+-----+
|Total            |        0|      0|      220|     230|    0|
+-----------------+---------+-------+---------+--------+-----+
|Available        |     1968|   1968|  1045440|  522720|  128|
+-----------------+---------+-------+---------+--------+-----+
|Utilization (%)  |        0|      0|    ~0   |   ~0   |    0|
+-----------------+---------+-------+---------+--------+-----+

+ Detail: 
    * Instance: 
    N/A

    * DSP48E: 
    N/A

    * Memory: 
    N/A

    * FIFO: 
    N/A

    * Expression: 
    +------------------------------+----------+-------+---+----+------------+------------+
    |         Variable Name        | Operation| DSP48E| FF| LUT| Bitwidth P0| Bitwidth P1|
    +------------------------------+----------+-------+---+----+------------+------------+
    |add_ln700_fu_210_p2           |     +    |      0|  0|  71|          64|          23|
    |add_ln701_fu_198_p2           |     +    |      0|  0|  71|          64|          24|
    |ap_condition_52               |    and   |      0|  0|   2|           1|           1|
    |ap_condition_60               |    and   |      0|  0|   2|           1|           1|
    |ret_V_fu_120_p2               |    and   |      0|  0|   2|           1|           1|
    |icmp_ln895_fu_146_p2          |   icmp   |      0|  0|  29|          64|          23|
    |byte_to_transfer_V_fu_156_p3  |  select  |      0|  0|  24|           1|          24|
    |lhs_V_fu_114_p2               |    xor   |      0|  0|   2|           1|           2|
    +------------------------------+----------+-------+---+----+------------+------------+
    |Total                         |          |      0|  0| 203|         197|          99|
    +------------------------------+----------+-------+---+----+------------+------------+

    * Multiplexer: 
    +--------------------+----+-----------+-----+-----------+
    |        Name        | LUT| Input Size| Bits| Total Bits|
    +--------------------+----+-----------+-----+-----------+
    |curr_addr_V         |   9|          2|   64|        128|
    |length_reg_V        |   9|          2|   64|        128|
    |m_axis_reg_tdata_V  |   9|          2|   88|        176|
    +--------------------+----+-----------+-----+-----------+
    |Total               |  27|          6|  216|        432|
    +--------------------+----+-----------+-----+-----------+

    * Register: 
    +---------------------+----+----+-----+-----------+
    |         Name        | FF | LUT| Bits| Const Bits|
    +---------------------+----+----+-----+-----------+
    |ap_CS_fsm            |   1|   0|    1|          0|
    |core_on_V            |   1|   0|    1|          0|
    |curr_addr_V          |  64|   0|   64|          0|
    |length_reg_V         |  64|   0|   64|          0|
    |m_axis_reg_tdata_V   |  88|   0|  104|         16|
    |m_axis_reg_tvalid_V  |   1|   0|    1|          0|
    |start_reg_V          |   1|   0|    1|          0|
    +---------------------+----+----+-----+-----------+
    |Total                | 220|   0|  236|         16|
    +---------------------+----+----+-----+-----------+



================================================================
== Interface
================================================================
* Summary: 
+-----------------+-----+-----+--------------+----------------------+--------------+
|    RTL Ports    | Dir | Bits|   Protocol   |     Source Object    |    C Type    |
+-----------------+-----+-----+--------------+----------------------+--------------+
|ap_clk           |  in |    1| ap_ctrl_none | datamover_controller | return value |
|ap_rst           |  in |    1| ap_ctrl_none | datamover_controller | return value |
|start_V          |  in |    1|    ap_none   |        start_V       |    scalar    |
|length_V         |  in |   64|    ap_none   |       length_V       |    scalar    |
|m_axis_tdata_V   | out |  104|    ap_none   |    m_axis_tdata_V    |    pointer   |
|m_axis_tvalid_V  | out |    1|    ap_none   |    m_axis_tvalid_V   |    pointer   |
|m_axis_tready_V  |  in |    1|    ap_none   |    m_axis_tready_V   |    scalar    |
+-----------------+-----+-----+--------------+----------------------+--------------+

