

================================================================
== Vivado HLS Report for 'traffic_gen_tx'
================================================================
* Date:           Mon Oct  7 23:53:07 2019

* Version:        2019.1 (Build 2552052 on Fri May 24 15:28:33 MDT 2019)
* Project:        traffic_gen_tx
* Solution:       solution1
* Product family: zynquplus
* Target device:  xczu19eg-ffvc1760-2-i


================================================================
== Performance Estimates
================================================================
+ Timing (ns): 
    * Summary: 
    +--------+-------+----------+------------+
    |  Clock | Target| Estimated| Uncertainty|
    +--------+-------+----------+------------+
    |ap_clk  |   4.00|     2.031|        0.50|
    +--------+-------+----------+------------+

+ Latency (clock cycles): 
    * Summary: 
    +-----+-----+-----+-----+---------+
    |  Latency  |  Interval | Pipeline|
    | min | max | min | max |   Type  |
    +-----+-----+-----+-----+---------+
    |    0|    0|    0|    0|   none  |
    +-----+-----+-----+-----+---------+

    + Detail: 
        * Instance: 
        N/A

        * Loop: 
        N/A



================================================================
== Utilization Estimates
================================================================
* Summary: 
+-----------------+---------+-------+---------+--------+-----+
|       Name      | BRAM_18K| DSP48E|    FF   |   LUT  | URAM|
+-----------------+---------+-------+---------+--------+-----+
|DSP              |        -|      -|        -|       -|    -|
|Expression       |        -|      -|        0|    1379|    -|
|FIFO             |        -|      -|        -|       -|    -|
|Instance         |        -|      -|        -|       -|    -|
|Memory           |        -|      -|        -|       -|    -|
|Multiplexer      |        -|      -|        -|       -|    -|
|Register         |        -|      -|      196|       -|    -|
+-----------------+---------+-------+---------+--------+-----+
|Total            |        0|      0|      196|    1379|    0|
+-----------------+---------+-------+---------+--------+-----+
|Available        |     1968|   1968|  1045440|  522720|  128|
+-----------------+---------+-------+---------+--------+-----+
|Utilization (%)  |        0|      0|    ~0   |   ~0   |    0|
+-----------------+---------+-------+---------+--------+-----+

+ Detail: 
    * Instance: 
    N/A

    * DSP48E: 
    N/A

    * Memory: 
    N/A

    * FIFO: 
    N/A

    * Expression: 
    +-----------------------+----------+-------+---+-----+------------+------------+
    |     Variable Name     | Operation| DSP48E| FF| LUT | Bitwidth P0| Bitwidth P1|
    +-----------------------+----------+-------+---+-----+------------+------------+
    |add_ln700_1_fu_304_p2  |     +    |      0|  0|   39|          32|           1|
    |add_ln700_2_fu_444_p2  |     +    |      0|  0|   39|          32|           1|
    |add_ln700_fu_292_p2    |     +    |      0|  0|   71|          64|          64|
    |sub_ln214_fu_276_p2    |     -    |      0|  0|   39|          32|          32|
    |and_ln36_1_fu_248_p2   |    and   |      0|  0|    2|           1|           1|
    |and_ln36_2_fu_254_p2   |    and   |      0|  0|    2|           1|           1|
    |and_ln36_3_fu_266_p2   |    and   |      0|  0|    2|           1|           1|
    |and_ln43_1_fu_332_p2   |    and   |      0|  0|    2|           1|           1|
    |and_ln43_fu_326_p2     |    and   |      0|  0|    2|           1|           1|
    |and_ln51_1_fu_388_p2   |    and   |      0|  0|    2|           1|           1|
    |and_ln51_fu_382_p2     |    and   |      0|  0|    2|           1|           1|
    |and_ln544_fu_344_p2    |    and   |      0|  0|    2|           1|           1|
    |and_ln883_fu_350_p2    |    and   |      0|  0|    2|           1|           1|
    |ret_V_fu_236_p2        |    and   |      0|  0|    2|           1|           1|
    |to_app_tlast_V         |    and   |      0|  0|    2|           1|           1|
    |to_cmp_fifo_tlast_V    |    and   |      0|  0|    2|           1|           1|
    |icmp_ln883_fu_260_p2   |   icmp   |      0|  0|   29|          64|           1|
    |to_app_tdata_V         |  select  |      0|  0|  505|           1|         512|
    |to_app_tkeep_V         |  select  |      0|  0|   64|           1|          64|
    |to_cmp_fifo_tdata_V    |  select  |      0|  0|  505|           1|         512|
    |to_cmp_fifo_tkeep_V    |  select  |      0|  0|   64|           1|          64|
    +-----------------------+----------+-------+---+-----+------------+------------+
    |Total                  |          |      0|  0| 1379|         240|        1263|
    +-----------------------+----------+-------+---+-----+------------+------------+

    * Multiplexer: 
    N/A

    * Register: 
    +----------------------+----+----+-----+-----------+
    |         Name         | FF | LUT| Bits| Const Bits|
    +----------------------+----+----+-----+-----------+
    |ap_CS_fsm             |   1|   0|    1|          0|
    |core_on_V             |   1|   0|    1|          0|
    |pkt_cnt_tx_reg_V      |  32|   0|   32|          0|
    |start_flag_V          |   1|   0|    1|          0|
    |start_initialized_V   |   1|   0|    1|          0|
    |time_cnt_reg_V        |  32|   0|   32|          0|
    |tx_start_V            |  32|   0|   32|          0|
    |tx_timeElapse_reg_V   |  32|   0|   32|          0|
    |tx_timestamp_sum_reg  |  64|   0|   64|          0|
    +----------------------+----+----+-----+-----------+
    |Total                 | 196|   0|  196|          0|
    +----------------------+----+----+-----+-----------+



================================================================
== Interface
================================================================
* Summary: 
+-----------------------+-----+-----+--------------+-----------------------+--------------+
|       RTL Ports       | Dir | Bits|   Protocol   |     Source Object     |    C Type    |
+-----------------------+-----+-----+--------------+-----------------------+--------------+
|ap_clk                 |  in |    1| ap_ctrl_none |     traffic_gen_tx    | return value |
|ap_rst                 |  in |    1| ap_ctrl_none |     traffic_gen_tx    | return value |
|from_decoder_tdata_V   |  in |  512|    ap_none   |  from_decoder_tdata_V |    pointer   |
|from_decoder_tkeep_V   |  in |   64|    ap_none   |  from_decoder_tkeep_V |    pointer   |
|from_decoder_tlast_V   |  in |    1|    ap_none   |  from_decoder_tlast_V |    pointer   |
|from_decoder_tvalid_V  |  in |    1|    ap_none   | from_decoder_tvalid_V |    pointer   |
|to_app_tdata_V         | out |  512|    ap_none   |     to_app_tdata_V    |    pointer   |
|to_app_tkeep_V         | out |   64|    ap_none   |     to_app_tkeep_V    |    pointer   |
|to_app_tlast_V         | out |    1|    ap_none   |     to_app_tlast_V    |    pointer   |
|to_app_tvalid_V        | out |    1|    ap_none   |    to_app_tvalid_V    |    pointer   |
|to_cmp_fifo_tdata_V    | out |  512|    ap_none   |  to_cmp_fifo_tdata_V  |    pointer   |
|to_cmp_fifo_tkeep_V    | out |   64|    ap_none   |  to_cmp_fifo_tkeep_V  |    pointer   |
|to_cmp_fifo_tlast_V    | out |    1|    ap_none   |  to_cmp_fifo_tlast_V  |    pointer   |
|to_cmp_fifo_tvalid_V   | out |    1|    ap_none   |  to_cmp_fifo_tvalid_V |    pointer   |
|from_decoder_tready_V  | out |    1|    ap_none   | from_decoder_tready_V |    pointer   |
|to_app_tready_V        |  in |    1|    ap_none   |    to_app_tready_V    |    scalar    |
|tx_timeElapse_V        | out |   32|    ap_none   |    tx_timeElapse_V    |    pointer   |
|tx_timestamp_sum_V     | out |   64|    ap_none   |   tx_timestamp_sum_V  |    pointer   |
|pkt_cnt_tx_V           | out |   32|    ap_none   |      pkt_cnt_tx_V     |    pointer   |
|time_cnt_V             | out |   32|    ap_none   |       time_cnt_V      |    pointer   |
+-----------------------+-----+-----+--------------+-----------------------+--------------+

